\BOOKMARK [1][-]{section.1}{\376\377\000I\000n\000t\000r\000o\000d\000u\000c\000t\000i\000o\000n}{}% 1
\BOOKMARK [2][-]{subsection.1.1}{\376\377\000T\000e\000c\000h\000n\000o\000l\000o\000g\000y\000\040\000S\000t\000a\000c\000k}{section.1}% 2
\BOOKMARK [2][-]{subsection.1.2}{\376\377\000D\000a\000t\000a\000s\000e\000t}{section.1}% 3
\BOOKMARK [1][-]{section.2}{\376\377\000O\000n\000t\000o\000l\000o\000g\000y\000\040\000D\000e\000f\000i\000n\000i\000t\000i\000o\000n\000\040\000\050\000R\000D\000F\000S\000\040\000a\000n\000d\000\040\000O\000W\000L\000\051}{}% 4
\BOOKMARK [2][-]{subsection.2.1}{\376\377\000O\000W\000L\000\040\000P\000r\000o\000f\000i\000l\000e}{section.2}% 5
\BOOKMARK [2][-]{subsection.2.2}{\376\377\000C\000l\000a\000s\000s\000\040\000H\000i\000e\000r\000a\000r\000c\000h\000y}{section.2}% 6
\BOOKMARK [2][-]{subsection.2.3}{\376\377\000B\000a\000s\000e\000\040\000C\000l\000a\000s\000s\000\040\000I\000n\000f\000e\000r\000e\000n\000c\000e\000\040\000W\000i\000t\000h\000o\000u\000t\000\040\000E\000x\000p\000l\000i\000c\000i\000t\000\040\000r\000d\000f\000:\000t\000y\000p\000e}{section.2}% 7
\BOOKMARK [3][-]{subsubsection.2.3.1}{\376\377\000r\000d\000f\000s\000:\000d\000o\000m\000a\000i\000n\000\040\000\050\000f\000o\000r\000\040\000G\000r\000a\000p\000h\000D\000B\000\051}{subsection.2.3}% 8
\BOOKMARK [3][-]{subsubsection.2.3.2}{\376\377\000o\000w\000l\000:\000e\000q\000u\000i\000v\000a\000l\000e\000n\000t\000C\000l\000a\000s\000s\000\040\000\050\000f\000o\000r\000\040\000P\000r\000o\000t\000\351\000g\000\351\000\040\000/\000\040\000H\000e\000r\000m\000i\000T\000\051}{subsection.2.3}% 9
\BOOKMARK [2][-]{subsection.2.4}{\376\377\000W\000h\000y\000\040\000r\000d\000f\000s\000:\000d\000o\000m\000a\000i\000n\000\040\000i\000s\000\040\000O\000m\000i\000t\000t\000e\000d\000\040\000o\000n\000\040\000F\000o\000r\000e\000i\000g\000n\000-\000K\000e\000y\000\040\000P\000r\000o\000p\000e\000r\000t\000i\000e\000s}{section.2}% 10
\BOOKMARK [2][-]{subsection.2.5}{\376\377\000K\000e\000y\000\040\000O\000W\000L\000\040\000A\000x\000i\000o\000m\000s}{section.2}% 11
\BOOKMARK [2][-]{subsection.2.6}{\376\377\000R\000e\000s\000t\000r\000i\000c\000t\000i\000o\000n\000\040\000A\000x\000i\000o\000m\000s\000\040\000f\000o\000r\000\040\000I\000n\000f\000e\000r\000r\000e\000d\000\040\000S\000u\000b\000c\000l\000a\000s\000s\000e\000s}{section.2}% 12
\BOOKMARK [2][-]{subsection.2.7}{\376\377\000I\000n\000f\000e\000r\000e\000n\000c\000e\000\040\000V\000e\000r\000i\000f\000i\000c\000a\000t\000i\000o\000n}{section.2}% 13
\BOOKMARK [2][-]{subsection.2.8}{\376\377\000P\000r\000o\000t\000\351\000g\000\351\000\040\000V\000a\000l\000i\000d\000a\000t\000i\000o\000n\000\040\000w\000i\000t\000h\000\040\000H\000e\000r\000m\000i\000T\000\040\000R\000e\000a\000s\000o\000n\000e\000r}{section.2}% 14
\BOOKMARK [3][-]{subsubsection.2.8.1}{\376\377\000O\000W\000L\000\040\0002\000\040\000D\000a\000t\000a\000t\000y\000p\000e\000\040\000M\000a\000p\000\040\000C\000o\000m\000p\000l\000i\000a\000n\000c\000e}{subsection.2.8}% 15
\BOOKMARK [3][-]{subsubsection.2.8.2}{\376\377\000D\000e\000s\000i\000g\000n\000\040\000D\000e\000c\000i\000s\000i\000o\000n}{subsection.2.8}% 16
\BOOKMARK [3][-]{subsubsection.2.8.3}{\376\377\000H\000e\000r\000m\000i\000T\000\040\000V\000e\000r\000i\000f\000i\000c\000a\000t\000i\000o\000n\000\040\000R\000e\000s\000u\000l\000t\000s}{subsection.2.8}% 17
\BOOKMARK [1][-]{section.3}{\376\377\000Q\000u\000a\000n\000t\000i\000t\000a\000t\000i\000v\000e\000\040\000A\000n\000a\000l\000y\000s\000i\000s}{}% 18
\BOOKMARK [2][-]{subsection.3.1}{\376\377\000O\000n\000t\000o\000l\000o\000g\000y\000\040\000M\000e\000t\000r\000i\000c\000s}{section.3}% 19
\BOOKMARK [2][-]{subsection.3.2}{\376\377\000C\000o\000m\000p\000l\000e\000t\000e\000\040\000C\000l\000a\000s\000s\000\040\000I\000n\000v\000e\000n\000t\000o\000r\000y}{section.3}% 20
\BOOKMARK [2][-]{subsection.3.3}{\376\377\000C\000o\000m\000p\000l\000e\000t\000e\000\040\000O\000b\000j\000e\000c\000t\000\040\000P\000r\000o\000p\000e\000r\000t\000y\000\040\000I\000n\000v\000e\000n\000t\000o\000r\000y}{section.3}% 21
\BOOKMARK [2][-]{subsection.3.4}{\376\377\000O\000n\000t\000o\000l\000o\000g\000y\000\040\000V\000i\000s\000u\000a\000l\000i\000z\000a\000t\000i\000o\000n\000s}{section.3}% 22
\BOOKMARK [2][-]{subsection.3.5}{\376\377\000C\000o\000m\000p\000l\000e\000t\000e\000\040\000S\000P\000I\000N\000\040\000R\000u\000l\000e\000\040\000I\000n\000v\000e\000n\000t\000o\000r\000y}{section.3}% 23
\BOOKMARK [2][-]{subsection.3.6}{\376\377\000G\000r\000a\000p\000h\000D\000B\000\040\000V\000a\000l\000i\000d\000a\000t\000i\000o\000n}{section.3}% 24
\BOOKMARK [1][-]{section.4}{\376\377\000I\000n\000f\000e\000r\000e\000n\000c\000e\000\040\000R\000u\000l\000e\000s\000\040\000\050\000S\000P\000I\000N\000\051}{}% 25
\BOOKMARK [2][-]{subsection.4.1}{\376\377\000C\000h\000a\000m\000p\000i\000o\000n\000s\000h\000i\000p\000\040\000I\000n\000f\000e\000r\000e\000n\000c\000e}{section.4}% 26
\BOOKMARK [2][-]{subsection.4.2}{\376\377\000T\000e\000a\000m\000m\000a\000t\000e\000\040\000I\000n\000f\000e\000r\000e\000n\000c\000e}{section.4}% 27
\BOOKMARK [2][-]{subsection.4.3}{\376\377\000C\000l\000a\000s\000s\000i\000f\000i\000c\000a\000t\000i\000o\000n\000\040\000R\000u\000l\000e\000s}{section.4}% 28
\BOOKMARK [2][-]{subsection.4.4}{\376\377\000P\000o\000d\000i\000u\000m\000\040\000D\000e\000c\000o\000m\000p\000o\000s\000i\000t\000i\000o\000n\000\040\000R\000u\000l\000e\000s}{section.4}% 29
\BOOKMARK [2][-]{subsection.4.5}{\376\377\000P\000o\000l\000e\000\040\000P\000o\000s\000i\000t\000i\000o\000n\000\040\000a\000n\000d\000\040\000R\000a\000c\000e\000\040\000A\000c\000h\000i\000e\000v\000e\000m\000e\000n\000t\000\040\000R\000u\000l\000e\000s}{section.4}% 30
\BOOKMARK [2][-]{subsection.4.6}{\376\377\000R\000D\000F\000\040\000R\000e\000i\000f\000i\000c\000a\000t\000i\000o\000n}{section.4}% 31
\BOOKMARK [1][-]{section.5}{\376\377\000N\000e\000w\000\040\000O\000p\000e\000r\000a\000t\000i\000o\000n\000s\000\040\000o\000n\000\040\000t\000h\000e\000\040\000D\000a\000t\000a\000\040\000\050\000S\000P\000A\000R\000Q\000L\000\051}{}% 32
\BOOKMARK [2][-]{subsection.5.1}{\376\377\000W\000o\000r\000l\000d\000\040\000C\000h\000a\000m\000p\000i\000o\000n\000s\000\040\000W\000h\000o\000\040\000R\000a\000c\000e\000d\000\040\000a\000s\000\040\000T\000e\000a\000m\000m\000a\000t\000e\000s}{section.5}% 33
\BOOKMARK [2][-]{subsection.5.2}{\376\377\000C\000o\000n\000s\000t\000r\000u\000c\000t\000o\000r\000s\000\040\000T\000h\000a\000t\000\040\000F\000i\000e\000l\000d\000e\000d\000\040\000t\000h\000e\000\040\000M\000o\000s\000t\000\040\000W\000o\000r\000l\000d\000\040\000C\000h\000a\000m\000p\000i\000o\000n\000s}{section.5}% 34
\BOOKMARK [2][-]{subsection.5.3}{\376\377\000S\000P\000A\000R\000Q\000L\000\040\000P\000r\000o\000p\000e\000r\000t\000y\000\040\000P\000a\000t\000h\000s\000\040\000v\000i\000a\000\040\000r\000d\000f\000s\000:\000s\000u\000b\000P\000r\000o\000p\000e\000r\000t\000y\000O\000f}{section.5}% 35
\BOOKMARK [2][-]{subsection.5.4}{\376\377\000R\000e\000i\000f\000i\000c\000a\000t\000i\000o\000n\000\040\000Q\000u\000e\000r\000y\000:\000\040\000C\000h\000a\000m\000p\000i\000o\000n\000s\000h\000i\000p\000\040\000F\000i\000n\000a\000l\000\040\000P\000o\000i\000n\000t\000s}{section.5}% 36
\BOOKMARK [2][-]{subsection.5.5}{\376\377\000V\000e\000t\000e\000r\000a\000n\000\040\000W\000o\000r\000l\000d\000\040\000C\000h\000a\000m\000p\000i\000o\000n\000s\000\040\000\050\000C\000l\000a\000s\000s\000\040\000I\000n\000t\000e\000r\000s\000e\000c\000t\000i\000o\000n\000\051}{section.5}% 37
\BOOKMARK [2][-]{subsection.5.6}{\376\377\000T\000w\000o\000-\000H\000o\000p\000\040\000T\000e\000a\000m\000m\000a\000t\000e\000\040\000G\000r\000a\000p\000h\000\040\000T\000r\000a\000v\000e\000r\000s\000a\000l}{section.5}% 38
\BOOKMARK [1][-]{section.6}{\376\377\000U\000s\000e\000\040\000a\000n\000d\000\040\000I\000n\000t\000e\000g\000r\000a\000t\000i\000o\000n\000\040\000o\000f\000\040\000W\000i\000k\000i\000d\000a\000t\000a\000\040\000a\000n\000d\000\040\000D\000B\000p\000e\000d\000i\000a}{}% 39
\BOOKMARK [2][-]{subsection.6.1}{\376\377\000D\000r\000i\000v\000e\000r\000\040\000E\000n\000r\000i\000c\000h\000m\000e\000n\000t\000\040\000\050\000W\000i\000k\000i\000d\000a\000t\000a\000\051}{section.6}% 40
\BOOKMARK [2][-]{subsection.6.2}{\376\377\000C\000o\000n\000s\000t\000r\000u\000c\000t\000o\000r\000\040\000E\000n\000r\000i\000c\000h\000m\000e\000n\000t\000\040\000\050\000W\000i\000k\000i\000d\000a\000t\000a\000\051}{section.6}% 41
\BOOKMARK [2][-]{subsection.6.3}{\376\377\000C\000i\000r\000c\000u\000i\000t\000\040\000E\000n\000r\000i\000c\000h\000m\000e\000n\000t\000\040\000\050\000D\000B\000p\000e\000d\000i\000a\000\051}{section.6}% 42
\BOOKMARK [2][-]{subsection.6.4}{\376\377\000R\000a\000c\000e\000\040\000E\000n\000r\000i\000c\000h\000m\000e\000n\000t\000\040\000\050\000D\000B\000p\000e\000d\000i\000a\000\051}{section.6}% 43
\BOOKMARK [1][-]{section.7}{\376\377\000P\000u\000b\000l\000i\000c\000a\000t\000i\000o\000n\000\040\000o\000f\000\040\000S\000e\000m\000a\000n\000t\000i\000c\000\040\000D\000a\000t\000a\000\040\000\050\000R\000D\000F\000a\000\040\000a\000n\000d\000\040\000M\000i\000c\000r\000o\000f\000o\000r\000m\000a\000t\000s\000\051}{}% 44
\BOOKMARK [2][-]{subsection.7.1}{\376\377\000R\000D\000F\000a\000\040\0001\000.\0001\000\040\000L\000i\000t\000e}{section.7}% 45
\BOOKMARK [2][-]{subsection.7.2}{\376\377\000M\000i\000c\000r\000o\000f\000o\000r\000m\000a\000t\000s\000\040\0002}{section.7}% 46
\BOOKMARK [2][-]{subsection.7.3}{\376\377\000W\000h\000y\000\040\000B\000o\000t\000h\000\040\000S\000t\000a\000n\000d\000a\000r\000d\000s\000?}{section.7}% 47
\BOOKMARK [2][-]{subsection.7.4}{\376\377\000M\000i\000c\000r\000o\000f\000o\000r\000m\000a\000t\000s\000\040\0002\000\040\000P\000a\000r\000s\000e\000r\000\040\000D\000e\000m\000o\000n\000s\000t\000r\000a\000t\000i\000o\000n}{section.7}% 48
\BOOKMARK [2][-]{subsection.7.5}{\376\377\000V\000a\000l\000i\000d\000a\000t\000i\000o\000n\000\040\000o\000f\000\040\000P\000u\000b\000l\000i\000s\000h\000e\000d\000\040\000S\000e\000m\000a\000n\000t\000i\000c\000\040\000D\000a\000t\000a}{section.7}% 49
\BOOKMARK [3][-]{subsubsection.7.5.1}{\376\377\000R\000D\000F\000a\000\040\0001\000.\0001\000\040\000V\000a\000l\000i\000d\000a\000t\000i\000o\000n\000\040\040\024\000\040\000S\000t\000e\000p\000\040\000b\000y\000\040\000S\000t\000e\000p}{subsection.7.5}% 50
\BOOKMARK [3][-]{subsubsection.7.5.2}{\376\377\000A\000l\000t\000e\000r\000n\000a\000t\000i\000v\000e\000:\000\040\000W\0003\000C\000\040\000p\000y\000R\000D\000F\000a\000\040\000D\000i\000s\000t\000i\000l\000l\000e\000r\000\040\000\050\000a\000u\000t\000o\000m\000a\000t\000e\000d\000\051}{subsection.7.5}% 51
\BOOKMARK [3][-]{subsubsection.7.5.3}{\376\377\000M\000i\000c\000r\000o\000f\000o\000r\000m\000a\000t\000s\000\040\0002\000\040\000V\000a\000l\000i\000d\000a\000t\000i\000o\000n\000\040\040\024\000\040\000S\000t\000e\000p\000\040\000b\000y\000\040\000S\000t\000e\000p}{subsection.7.5}% 52
\BOOKMARK [3][-]{subsubsection.7.5.4}{\376\377\000E\000v\000i\000d\000e\000n\000c\000e\000\040\000t\000o\000\040\000I\000n\000c\000l\000u\000d\000e\000\040\000i\000n\000\040\000S\000u\000b\000m\000i\000s\000s\000i\000o\000n}{subsection.7.5}% 53
\BOOKMARK [1][-]{section.8}{\376\377\000A\000p\000p\000l\000i\000c\000a\000t\000i\000o\000n\000\040\000F\000u\000n\000c\000t\000i\000o\000n\000a\000l\000i\000t\000i\000e\000s\000\040\000\050\000U\000I\000\051}{}% 54
\BOOKMARK [2][-]{subsection.8.1}{\376\377\000P\000a\000g\000e\000s\000\040\000D\000r\000i\000v\000e\000n\000\040\000b\000y\000\040\000I\000n\000f\000e\000r\000r\000e\000d\000\040\000K\000n\000o\000w\000l\000e\000d\000g\000e}{section.8}% 55
\BOOKMARK [3][-]{subsubsection.8.1.1}{\376\377\000H\000a\000l\000l\000\040\000o\000f\000\040\000F\000a\000m\000e\000\040\000D\000a\000s\000h\000b\000o\000a\000r\000d\000\040\000\050\000/\000h\000a\000l\000l\000-\000o\000f\000-\000f\000a\000m\000e\000/\000\051}{subsection.8.1}% 56
\BOOKMARK [3][-]{subsubsection.8.1.2}{\376\377\000P\000o\000l\000e\000\040\000P\000o\000s\000i\000t\000i\000o\000n\000\040\000L\000e\000a\000d\000e\000r\000s\000\040\000\050\000/\000p\0001\000/\000\051}{subsection.8.1}% 57
\BOOKMARK [3][-]{subsubsection.8.1.3}{\376\377\000H\000a\000t\000\040\000T\000r\000i\000c\000k\000\040\000H\000a\000l\000l\000\040\000o\000f\000\040\000F\000a\000m\000e\000\040\000\050\000/\000h\000a\000t\000-\000t\000r\000i\000c\000k\000s\000/\000\051}{subsection.8.1}% 58
\BOOKMARK [3][-]{subsubsection.8.1.4}{\376\377\000M\000i\000c\000r\000o\000f\000o\000r\000m\000a\000t\000s\000\040\0002\000\040\000P\000a\000r\000s\000e\000r\000\040\000D\000e\000m\000o\000n\000s\000t\000r\000a\000t\000i\000o\000n}{subsection.8.1}% 59
\BOOKMARK [2][-]{subsection.8.2}{\376\377\000H\000e\000r\000o\000\040\000S\000e\000c\000t\000i\000o\000n\000\040\000E\000n\000r\000i\000c\000h\000m\000e\000n\000t}{section.8}% 60
\BOOKMARK [2][-]{subsection.8.3}{\376\377\000N\000a\000v\000i\000g\000a\000t\000i\000o\000n\000\040\000S\000t\000r\000u\000c\000t\000u\000r\000e}{section.8}% 61
\BOOKMARK [2][-]{subsection.8.4}{\376\377\000C\000a\000r\000d\000\040\000H\000o\000v\000e\000r\000\040\000E\000x\000p\000a\000n\000s\000i\000o\000n}{section.8}% 62
\BOOKMARK [2][-]{subsection.8.5}{\376\377\000D\000e\000e\000p\000\040\000L\000i\000n\000k\000s}{section.8}% 63
\BOOKMARK [2][-]{subsection.8.6}{\376\377\000P\000o\000d\000i\000u\000m\000\040\000V\000i\000s\000i\000b\000i\000l\000i\000t\000y\000\040\000C\000o\000n\000t\000r\000o\000l}{section.8}% 64
\BOOKMARK [1][-]{section.9}{\376\377\000C\000o\000n\000c\000l\000u\000s\000i\000o\000n\000s}{}% 65
\BOOKMARK [2][-]{subsection.9.1}{\376\377\000K\000e\000y\000\040\000A\000c\000h\000i\000e\000v\000e\000m\000e\000n\000t\000s}{section.9}% 66
\BOOKMARK [2][-]{subsection.9.2}{\376\377\000C\000h\000a\000l\000l\000e\000n\000g\000e\000s\000\040\000a\000n\000d\000\040\000S\000o\000l\000u\000t\000i\000o\000n\000s}{section.9}% 67
\BOOKMARK [1][-]{section.10}{\376\377\000C\000o\000n\000f\000i\000g\000u\000r\000a\000t\000i\000o\000n\000\040\000t\000o\000\040\000R\000u\000n\000\040\000t\000h\000e\000\040\000A\000p\000p\000l\000i\000c\000a\000t\000i\000o\000n}{}% 68
\BOOKMARK [2][-]{subsection.10.1}{\376\377\000P\000r\000e\000r\000e\000q\000u\000i\000s\000i\000t\000e\000s}{section.10}% 69
\BOOKMARK [2][-]{subsection.10.2}{\376\377\000S\000t\000e\000p\000-\000b\000y\000-\000S\000t\000e\000p\000\040\000S\000e\000t\000u\000p}{section.10}% 70
\BOOKMARK [2][-]{subsection.10.3}{\376\377\000P\000r\000o\000t\000\351\000g\000\351\000\040\000V\000a\000l\000i\000d\000a\000t\000i\000o\000n}{section.10}% 71
\BOOKMARK [2][-]{subsection.10.4}{\376\377\000R\000e\000-\000r\000u\000n\000n\000i\000n\000g\000\040\000I\000n\000f\000e\000r\000e\000n\000c\000e}{section.10}% 72
\BOOKMARK [2][-]{subsection.10.5}{\376\377\000D\000a\000t\000a\000\040\000F\000i\000l\000e\000s\000\040\000S\000u\000m\000m\000a\000r\000y}{section.10}% 73
