This is pdfTeX, Version 3.141592653-2.6-1.40.25 (TeX Live 2023/Debian) (preloaded format=pdflatex 2025.12.8)  1 JUN 2026 19:09
entering extended mode
 restricted \write18 enabled.
 %&-line parsing enabled.
**report_tp2.tex
(./report_tp2.tex
LaTeX2e <2023-11-01> patch level 1
L3 programming layer <2024-01-22>
(/usr/share/texlive/texmf-dist/tex/latex/base/article.cls
Document Class: article 2023/05/17 v1.4n Standard LaTeX document class
(/usr/share/texlive/texmf-dist/tex/latex/base/size12.clo
File: size12.clo 2023/05/17 v1.4n Standard LaTeX file (size option)
)
\c@part=\count187
\c@section=\count188
\c@subsection=\count189
\c@subsubsection=\count190
\c@paragraph=\count191
\c@subparagraph=\count192
\c@figure=\count193
\c@table=\count194
\abovecaptionskip=\skip48
\belowcaptionskip=\skip49
\bibindent=\dimen140
)
(/usr/share/texlive/texmf-dist/tex/latex/base/fontenc.sty
Package: fontenc 2021/04/29 v2.0v Standard LaTeX package
)
(/usr/share/texlive/texmf-dist/tex/latex/base/inputenc.sty
Package: inputenc 2021/02/14 v1.3d Input encoding file
\inpenc@prehook=\toks17
\inpenc@posthook=\toks18
)
(/usr/share/texlive/texmf-dist/tex/generic/babel/babel.sty
Package: babel 2024/01/07 v24.1 The Babel package
\babel@savecnt=\count195
\U@D=\dimen141
\l@unhyphenated=\language12

(/usr/share/texlive/texmf-dist/tex/generic/babel/txtbabel.def)
\bbl@readstream=\read2
\bbl@dirlevel=\count196

(/usr/share/texlive/texmf-dist/tex/generic/babel-english/english.ldf
Language: english 2017/06/06 v3.3r English support from the babel system
Package babel Info: Hyphen rules for 'canadian' set to \l@english
(babel)             (\language0). Reported on input line 102.
Package babel Info: Hyphen rules for 'australian' set to \l@ukenglish
(babel)             (\language9). Reported on input line 105.
Package babel Info: Hyphen rules for 'newzealand' set to \l@ukenglish
(babel)             (\language9). Reported on input line 108.
))
(/usr/share/texlive/texmf-dist/tex/generic/babel/locale/en/babel-english.tex
Package babel Info: Importing font and identification data for english
(babel)             from babel-en.ini. Reported on input line 11.
)
(/usr/share/texmf/tex/latex/lm/lmodern.sty
Package: lmodern 2015/05/01 v1.6.1 Latin Modern Fonts
LaTeX Font Info:    Overwriting symbol font `operators' in version `normal'
(Font)                  OT1/cmr/m/n --> OT1/lmr/m/n on input line 22.
LaTeX Font Info:    Overwriting symbol font `letters' in version `normal'
(Font)                  OML/cmm/m/it --> OML/lmm/m/it on input line 23.
LaTeX Font Info:    Overwriting symbol font `symbols' in version `normal'
(Font)                  OMS/cmsy/m/n --> OMS/lmsy/m/n on input line 24.
LaTeX Font Info:    Overwriting symbol font `largesymbols' in version `normal'
(Font)                  OMX/cmex/m/n --> OMX/lmex/m/n on input line 25.
LaTeX Font Info:    Overwriting symbol font `operators' in version `bold'
(Font)                  OT1/cmr/bx/n --> OT1/lmr/bx/n on input line 26.
LaTeX Font Info:    Overwriting symbol font `letters' in version `bold'
(Font)                  OML/cmm/b/it --> OML/lmm/b/it on input line 27.
LaTeX Font Info:    Overwriting symbol font `symbols' in version `bold'
(Font)                  OMS/cmsy/b/n --> OMS/lmsy/b/n on input line 28.
LaTeX Font Info:    Overwriting symbol font `largesymbols' in version `bold'
(Font)                  OMX/cmex/m/n --> OMX/lmex/m/n on input line 29.
LaTeX Font Info:    Overwriting math alphabet `\mathbf' in version `normal'
(Font)                  OT1/cmr/bx/n --> OT1/lmr/bx/n on input line 31.
LaTeX Font Info:    Overwriting math alphabet `\mathsf' in version `normal'
(Font)                  OT1/cmss/m/n --> OT1/lmss/m/n on input line 32.
LaTeX Font Info:    Overwriting math alphabet `\mathit' in version `normal'
(Font)                  OT1/cmr/m/it --> OT1/lmr/m/it on input line 33.
LaTeX Font Info:    Overwriting math alphabet `\mathtt' in version `normal'
(Font)                  OT1/cmtt/m/n --> OT1/lmtt/m/n on input line 34.
LaTeX Font Info:    Overwriting math alphabet `\mathbf' in version `bold'
(Font)                  OT1/cmr/bx/n --> OT1/lmr/bx/n on input line 35.
LaTeX Font Info:    Overwriting math alphabet `\mathsf' in version `bold'
(Font)                  OT1/cmss/bx/n --> OT1/lmss/bx/n on input line 36.
LaTeX Font Info:    Overwriting math alphabet `\mathit' in version `bold'
(Font)                  OT1/cmr/bx/it --> OT1/lmr/bx/it on input line 37.
LaTeX Font Info:    Overwriting math alphabet `\mathtt' in version `bold'
(Font)                  OT1/cmtt/m/n --> OT1/lmtt/m/n on input line 38.
)
(/usr/share/texlive/texmf-dist/tex/latex/geometry/geometry.sty
Package: geometry 2020/01/02 v5.9 Page Geometry

(/usr/share/texlive/texmf-dist/tex/latex/graphics/keyval.sty
Package: keyval 2022/05/29 v1.15 key=value parser (DPC)
\KV@toks@=\toks19
)
(/usr/share/texlive/texmf-dist/tex/generic/iftex/ifvtex.sty
Package: ifvtex 2019/10/25 v1.7 ifvtex legacy package. Use iftex instead.

(/usr/share/texlive/texmf-dist/tex/generic/iftex/iftex.sty
Package: iftex 2022/02/03 v1.0f TeX engine tests
))
\Gm@cnth=\count197
\Gm@cntv=\count198
\c@Gm@tempcnt=\count199
\Gm@bindingoffset=\dimen142
\Gm@wd@mp=\dimen143
\Gm@odd@mp=\dimen144
\Gm@even@mp=\dimen145
\Gm@layoutwidth=\dimen146
\Gm@layoutheight=\dimen147
\Gm@layouthoffset=\dimen148
\Gm@layoutvoffset=\dimen149
\Gm@dimlist=\toks20
)
(/usr/share/texlive/texmf-dist/tex/latex/graphics/graphicx.sty
Package: graphicx 2021/09/16 v1.2d Enhanced LaTeX Graphics (DPC,SPQR)

(/usr/share/texlive/texmf-dist/tex/latex/graphics/graphics.sty
Package: graphics 2022/03/10 v1.4e Standard LaTeX Graphics (DPC,SPQR)

(/usr/share/texlive/texmf-dist/tex/latex/graphics/trig.sty
Package: trig 2021/08/11 v1.11 sin cos tan (DPC)
)
(/usr/share/texlive/texmf-dist/tex/latex/graphics-cfg/graphics.cfg
File: graphics.cfg 2016/06/04 v1.11 sample graphics configuration
)
Package graphics Info: Driver file: pdftex.def on input line 107.

(/usr/share/texlive/texmf-dist/tex/latex/graphics-def/pdftex.def
File: pdftex.def 2022/09/22 v1.2b Graphics/color driver for pdftex
))
\Gin@req@height=\dimen150
\Gin@req@width=\dimen151
)
(/usr/share/texlive/texmf-dist/tex/latex/xcolor/xcolor.sty
Package: xcolor 2023/11/15 v3.01 LaTeX color extensions (UK)

(/usr/share/texlive/texmf-dist/tex/latex/graphics-cfg/color.cfg
File: color.cfg 2016/01/02 v1.6 sample color configuration
)
Package xcolor Info: Driver file: pdftex.def on input line 274.

(/usr/share/texlive/texmf-dist/tex/latex/graphics/mathcolor.ltx)
Package xcolor Info: Model `cmy' substituted by `cmy0' on input line 1350.
Package xcolor Info: Model `hsb' substituted by `rgb' on input line 1354.
Package xcolor Info: Model `RGB' extended on input line 1366.
Package xcolor Info: Model `HTML' substituted by `rgb' on input line 1368.
Package xcolor Info: Model `Hsb' substituted by `hsb' on input line 1369.
Package xcolor Info: Model `tHsb' substituted by `hsb' on input line 1370.
Package xcolor Info: Model `HSB' substituted by `hsb' on input line 1371.
Package xcolor Info: Model `Gray' substituted by `gray' on input line 1372.
Package xcolor Info: Model `wave' substituted by `hsb' on input line 1373.
)
(/usr/share/texlive/texmf-dist/tex/latex/hyperref/hyperref.sty
Package: hyperref 2024-01-20 v7.01h Hypertext links for LaTeX

(/usr/share/texlive/texmf-dist/tex/latex/kvsetkeys/kvsetkeys.sty
Package: kvsetkeys 2022-10-05 v1.19 Key value parser (HO)
)
(/usr/share/texlive/texmf-dist/tex/generic/kvdefinekeys/kvdefinekeys.sty
Package: kvdefinekeys 2019-12-19 v1.6 Define keys (HO)
)
(/usr/share/texlive/texmf-dist/tex/generic/pdfescape/pdfescape.sty
Package: pdfescape 2019/12/09 v1.15 Implements pdfTeX's escape features (HO)

(/usr/share/texlive/texmf-dist/tex/generic/ltxcmds/ltxcmds.sty
Package: ltxcmds 2023-12-04 v1.26 LaTeX kernel commands for general use (HO)
)
(/usr/share/texlive/texmf-dist/tex/generic/pdftexcmds/pdftexcmds.sty
Package: pdftexcmds 2020-06-27 v0.33 Utility functions of pdfTeX for LuaTeX (HO
)

(/usr/share/texlive/texmf-dist/tex/generic/infwarerr/infwarerr.sty
Package: infwarerr 2019/12/03 v1.5 Providing info/warning/error messages (HO)
)
Package pdftexcmds Info: \pdf@primitive is available.
Package pdftexcmds Info: \pdf@ifprimitive is available.
Package pdftexcmds Info: \pdfdraftmode found.
))
(/usr/share/texlive/texmf-dist/tex/latex/hycolor/hycolor.sty
Package: hycolor 2020-01-27 v1.10 Color options for hyperref/bookmark (HO)
)
(/usr/share/texlive/texmf-dist/tex/latex/auxhook/auxhook.sty
Package: auxhook 2019-12-17 v1.6 Hooks for auxiliary files (HO)
)
(/usr/share/texlive/texmf-dist/tex/latex/hyperref/nameref.sty
Package: nameref 2023-11-26 v2.56 Cross-referencing by name of section

(/usr/share/texlive/texmf-dist/tex/latex/refcount/refcount.sty
Package: refcount 2019/12/15 v3.6 Data extraction from label references (HO)
)
(/usr/share/texlive/texmf-dist/tex/generic/gettitlestring/gettitlestring.sty
Package: gettitlestring 2019/12/15 v1.6 Cleanup title references (HO)

(/usr/share/texlive/texmf-dist/tex/latex/kvoptions/kvoptions.sty
Package: kvoptions 2022-06-15 v3.15 Key value format for package options (HO)
))
\c@section@level=\count266
)
(/usr/share/texlive/texmf-dist/tex/latex/etoolbox/etoolbox.sty
Package: etoolbox 2020/10/05 v2.5k e-TeX tools for LaTeX (JAW)
\etb@tempcnta=\count267
)
\@linkdim=\dimen152
\Hy@linkcounter=\count268
\Hy@pagecounter=\count269

(/usr/share/texlive/texmf-dist/tex/latex/hyperref/pd1enc.def
File: pd1enc.def 2024-01-20 v7.01h Hyperref: PDFDocEncoding definition (HO)
Now handling font encoding PD1 ...
... no UTF-8 mapping file for font encoding PD1
)
(/usr/share/texlive/texmf-dist/tex/generic/intcalc/intcalc.sty
Package: intcalc 2019/12/15 v1.3 Expandable calculations with integers (HO)
)
\Hy@SavedSpaceFactor=\count270

(/usr/share/texlive/texmf-dist/tex/latex/hyperref/puenc.def
File: puenc.def 2024-01-20 v7.01h Hyperref: PDF Unicode definition (HO)
Now handling font encoding PU ...
... no UTF-8 mapping file for font encoding PU
)
Package hyperref Info: Hyper figures OFF on input line 4179.
Package hyperref Info: Link nesting OFF on input line 4184.
Package hyperref Info: Hyper index ON on input line 4187.
Package hyperref Info: Plain pages OFF on input line 4194.
Package hyperref Info: Backreferencing OFF on input line 4199.
Package hyperref Info: Implicit mode ON; LaTeX internals redefined.
Package hyperref Info: Bookmarks ON on input line 4446.
\c@Hy@tempcnt=\count271

(/usr/share/texlive/texmf-dist/tex/latex/url/url.sty
\Urlmuskip=\muskip16
Package: url 2013/09/16  ver 3.4  Verb mode for urls, etc.
)
LaTeX Info: Redefining \url on input line 4784.
\XeTeXLinkMargin=\dimen153

(/usr/share/texlive/texmf-dist/tex/generic/bitset/bitset.sty
Package: bitset 2019/12/09 v1.3 Handle bit-vector datatype (HO)

(/usr/share/texlive/texmf-dist/tex/generic/bigintcalc/bigintcalc.sty
Package: bigintcalc 2019/12/15 v1.5 Expandable calculations on big integers (HO
)
))
\Fld@menulength=\count272
\Field@Width=\dimen154
\Fld@charsize=\dimen155
Package hyperref Info: Hyper figures OFF on input line 6063.
Package hyperref Info: Link nesting OFF on input line 6068.
Package hyperref Info: Hyper index ON on input line 6071.
Package hyperref Info: backreferencing OFF on input line 6078.
Package hyperref Info: Link coloring OFF on input line 6083.
Package hyperref Info: Link coloring with OCG OFF on input line 6088.
Package hyperref Info: PDF/A mode OFF on input line 6093.

(/usr/share/texlive/texmf-dist/tex/latex/base/atbegshi-ltx.sty
Package: atbegshi-ltx 2021/01/10 v1.0c Emulation of the original atbegshi
package with kernel methods
)
\Hy@abspage=\count273
\c@Item=\count274
\c@Hfootnote=\count275
)
Package hyperref Info: Driver (autodetected): hpdftex.

(/usr/share/texlive/texmf-dist/tex/latex/hyperref/hpdftex.def
File: hpdftex.def 2024-01-20 v7.01h Hyperref driver for pdfTeX

(/usr/share/texlive/texmf-dist/tex/latex/base/atveryend-ltx.sty
Package: atveryend-ltx 2020/08/19 v1.0a Emulation of the original atveryend pac
kage
with kernel methods
)
\Fld@listcount=\count276
\c@bookmark@seq@number=\count277

(/usr/share/texlive/texmf-dist/tex/latex/rerunfilecheck/rerunfilecheck.sty
Package: rerunfilecheck 2022-07-10 v1.10 Rerun checks for auxiliary files (HO)

(/usr/share/texlive/texmf-dist/tex/generic/uniquecounter/uniquecounter.sty
Package: uniquecounter 2019/12/15 v1.4 Provide unlimited unique counter (HO)
)
Package uniquecounter Info: New unique counter `rerunfilecheck' on input line 2
85.
)
\Hy@SectionHShift=\skip50
)
(/usr/share/texlive/texmf-dist/tex/latex/listings/listings.sty
\lst@mode=\count278
\lst@gtempboxa=\box51
\lst@token=\toks21
\lst@length=\count279
\lst@currlwidth=\dimen156
\lst@column=\count280
\lst@pos=\count281
\lst@lostspace=\dimen157
\lst@width=\dimen158
\lst@newlines=\count282
\lst@lineno=\count283
\lst@maxwidth=\dimen159

(/usr/share/texlive/texmf-dist/tex/latex/listings/lstmisc.sty
File: lstmisc.sty 2023/02/27 1.9 (Carsten Heinz)
\c@lstnumber=\count284
\lst@skipnumbers=\count285
\lst@framebox=\box52
)
(/usr/share/texlive/texmf-dist/tex/latex/listings/listings.cfg
File: listings.cfg 2023/02/27 1.9 listings configuration
))
Package: listings 2023/02/27 1.9 (Carsten Heinz)

(/usr/share/texlive/texmf-dist/tex/latex/booktabs/booktabs.sty
Package: booktabs 2020/01/12 v1.61803398 Publication quality tables
\heavyrulewidth=\dimen160
\lightrulewidth=\dimen161
\cmidrulewidth=\dimen162
\belowrulesep=\dimen163
\belowbottomsep=\dimen164
\aboverulesep=\dimen165
\abovetopsep=\dimen166
\cmidrulesep=\dimen167
\cmidrulekern=\dimen168
\defaultaddspace=\dimen169
\@cmidla=\count286
\@cmidlb=\count287
\@aboverulesep=\dimen170
\@belowrulesep=\dimen171
\@thisruleclass=\count288
\@lastruleclass=\count289
\@thisrulewidth=\dimen172
)
(/usr/share/texlive/texmf-dist/tex/latex/tools/longtable.sty
Package: longtable 2023-11-01 v4.19 Multi-page Table package (DPC)
\LTleft=\skip51
\LTright=\skip52
\LTpre=\skip53
\LTpost=\skip54
\LTchunksize=\count290
\LTcapwidth=\dimen173
\LT@head=\box53
\LT@firsthead=\box54
\LT@foot=\box55
\LT@lastfoot=\box56
\LT@gbox=\box57
\LT@cols=\count291
\LT@rows=\count292
\c@LT@tables=\count293
\c@LT@chunks=\count294
\LT@p@ftn=\toks22
)
(/usr/share/texlive/texmf-dist/tex/latex/tools/array.sty
Package: array 2023/10/16 v2.5g Tabular extension package (FMi)
\col@sep=\dimen174
\ar@mcellbox=\box58
\extrarowheight=\dimen175
\NC@list=\toks23
\extratabsurround=\skip55
\backup@length=\skip56
\ar@cellbox=\box59
)
(/usr/share/texlive/texmf-dist/tex/latex/enumitem/enumitem.sty
Package: enumitem 2019/06/20 v3.9 Customized lists
\labelindent=\skip57
\enit@outerparindent=\dimen176
\enit@toks=\toks24
\enit@inbox=\box60
\enit@count@id=\count295
\enitdp@description=\count296
)
(/usr/share/texlive/texmf-dist/tex/latex/titlesec/titlesec.sty
Package: titlesec 2023/10/27 v2.16 Sectioning titles
\ttl@box=\box61
\beforetitleunit=\skip58
\aftertitleunit=\skip59
\ttl@plus=\dimen177
\ttl@minus=\dimen178
\ttl@toksa=\toks25
\titlewidth=\dimen179
\titlewidthlast=\dimen180
\titlewidthfirst=\dimen181
)
(/usr/share/texlive/texmf-dist/tex/latex/fancyhdr/fancyhdr.sty
Package: fancyhdr 2022/11/09 v4.1 Extensive control of page headers and footers

\f@nch@headwidth=\skip60
\f@nch@O@elh=\skip61
\f@nch@O@erh=\skip62
\f@nch@O@olh=\skip63
\f@nch@O@orh=\skip64
\f@nch@O@elf=\skip65
\f@nch@O@erf=\skip66
\f@nch@O@olf=\skip67
\f@nch@O@orf=\skip68
)
(/usr/share/texlive/texmf-dist/tex/latex/parskip/parskip.sty
Package: parskip 2021-03-14 v2.0h non-zero parskip adjustments
)
(/usr/share/texlive/texmf-dist/tex/latex/microtype/microtype.sty
Package: microtype 2023/03/13 v3.1a Micro-typographical refinements (RS)
\MT@toks=\toks26
\MT@tempbox=\box62
\MT@count=\count297
LaTeX Info: Redefining \noprotrusionifhmode on input line 1059.
LaTeX Info: Redefining \leftprotrusion on input line 1060.
\MT@prot@toks=\toks27
LaTeX Info: Redefining \rightprotrusion on input line 1078.
LaTeX Info: Redefining \textls on input line 1368.
\MT@outer@kern=\dimen182
LaTeX Info: Redefining \textmicrotypecontext on input line 1988.
\MT@listname@count=\count298

(/usr/share/texlive/texmf-dist/tex/latex/microtype/microtype-pdftex.def
File: microtype-pdftex.def 2023/03/13 v3.1a Definitions specific to pdftex (RS)

LaTeX Info: Redefining \lsstyle on input line 902.
LaTeX Info: Redefining \lslig on input line 902.
\MT@outer@space=\skip69
)
Package microtype Info: Loading configuration file microtype.cfg.

(/usr/share/texlive/texmf-dist/tex/latex/microtype/microtype.cfg
File: microtype.cfg 2023/03/13 v3.1a microtype main configuration file (RS)
))
(/usr/share/texlive/texmf-dist/tex/latex/caption/caption.sty
Package: caption 2023/08/05 v3.6o Customizing captions (AR)

(/usr/share/texlive/texmf-dist/tex/latex/caption/caption3.sty
Package: caption3 2023/07/31 v2.4d caption3 kernel (AR)
\caption@tempdima=\dimen183
\captionmargin=\dimen184
\caption@leftmargin=\dimen185
\caption@rightmargin=\dimen186
\caption@width=\dimen187
\caption@indent=\dimen188
\caption@parindent=\dimen189
\caption@hangindent=\dimen190
Package caption Info: Standard document class detected.
)
\c@caption@flags=\count299
\c@continuedfloat=\count300
Package caption Info: hyperref package is loaded.
Package caption Info: listings package is loaded.
Package caption Info: longtable package is loaded.

(/usr/share/texlive/texmf-dist/tex/latex/caption/ltcaption.sty
Package: ltcaption 2021/01/08 v1.4c longtable captions (AR)
))
(/usr/share/texlive/texmf-dist/tex/latex/float/float.sty
Package: float 2001/11/08 v1.3d Float enhancements (AL)
\c@float@type=\count301
\float@exts=\toks28
\float@box=\box63
\@float@everytoks=\toks29
\@floatcapt=\box64
)
(/usr/share/texlive/texmf-dist/tex/latex/amsmath/amsmath.sty
Package: amsmath 2023/05/13 v2.17o AMS math features
\@mathmargin=\skip70

For additional information on amsmath, use the `?' option.
(/usr/share/texlive/texmf-dist/tex/latex/amsmath/amstext.sty
Package: amstext 2021/08/26 v2.01 AMS text

(/usr/share/texlive/texmf-dist/tex/latex/amsmath/amsgen.sty
File: amsgen.sty 1999/11/30 v2.0 generic functions
\@emptytoks=\toks30
\ex@=\dimen191
))
(/usr/share/texlive/texmf-dist/tex/latex/amsmath/amsbsy.sty
Package: amsbsy 1999/11/29 v1.2d Bold Symbols
\pmbraise@=\dimen192
)
(/usr/share/texlive/texmf-dist/tex/latex/amsmath/amsopn.sty
Package: amsopn 2022/04/08 v2.04 operator names
)
\inf@bad=\count302
LaTeX Info: Redefining \frac on input line 234.
\uproot@=\count303
\leftroot@=\count304
LaTeX Info: Redefining \overline on input line 399.
LaTeX Info: Redefining \colon on input line 410.
\classnum@=\count305
\DOTSCASE@=\count306
LaTeX Info: Redefining \ldots on input line 496.
LaTeX Info: Redefining \dots on input line 499.
LaTeX Info: Redefining \cdots on input line 620.
\Mathstrutbox@=\box65
\strutbox@=\box66
LaTeX Info: Redefining \big on input line 722.
LaTeX Info: Redefining \Big on input line 723.
LaTeX Info: Redefining \bigg on input line 724.
LaTeX Info: Redefining \Bigg on input line 725.
\big@size=\dimen193
LaTeX Font Info:    Redeclaring font encoding OML on input line 743.
LaTeX Font Info:    Redeclaring font encoding OMS on input line 744.
\macc@depth=\count307
LaTeX Info: Redefining \bmod on input line 905.
LaTeX Info: Redefining \pmod on input line 910.
LaTeX Info: Redefining \smash on input line 940.
LaTeX Info: Redefining \relbar on input line 970.
LaTeX Info: Redefining \Relbar on input line 971.
\c@MaxMatrixCols=\count308
\dotsspace@=\muskip17
\c@parentequation=\count309
\dspbrk@lvl=\count310
\tag@help=\toks31
\row@=\count311
\column@=\count312
\maxfields@=\count313
\andhelp@=\toks32
\eqnshift@=\dimen194
\alignsep@=\dimen195
\tagshift@=\dimen196
\tagwidth@=\dimen197
\totwidth@=\dimen198
\lineht@=\dimen199
\@envbody=\toks33
\multlinegap=\skip71
\multlinetaggap=\skip72
\mathdisplay@stack=\toks34
LaTeX Info: Redefining \[ on input line 2953.
LaTeX Info: Redefining \] on input line 2954.
)
(/usr/share/texlive/texmf-dist/tex/latex/mdframed/mdframed.sty
Package: mdframed 2013/07/01 1.9b: mdframed

(/usr/share/texlive/texmf-dist/tex/latex/l3packages/xparse/xparse.sty
(/usr/share/texlive/texmf-dist/tex/latex/l3kernel/expl3.sty
Package: expl3 2024-01-22 L3 programming layer (loader) 

(/usr/share/texlive/texmf-dist/tex/latex/l3backend/l3backend-pdftex.def
File: l3backend-pdftex.def 2024-01-04 L3 backend support: PDF output (pdfTeX)
\l__color_backend_stack_int=\count314
\l__pdf_internal_box=\box67
))
Package: xparse 2023-10-10 L3 Experimental document command parser
)
(/usr/share/texlive/texmf-dist/tex/latex/zref/zref-abspage.sty
Package: zref-abspage 2023-09-14 v2.35 Module abspage for zref (HO)

(/usr/share/texlive/texmf-dist/tex/latex/zref/zref-base.sty
Package: zref-base 2023-09-14 v2.35 Module base for zref (HO)

(/usr/share/texlive/texmf-dist/tex/generic/etexcmds/etexcmds.sty
Package: etexcmds 2019/12/15 v1.7 Avoid name clashes with e-TeX commands (HO)
)
Package zref Info: New property list: main on input line 767.
Package zref Info: New property: default on input line 768.
Package zref Info: New property: page on input line 769.
)
\c@abspage=\count315
Package zref Info: New property: abspage on input line 67.
)
(/usr/share/texlive/texmf-dist/tex/latex/needspace/needspace.sty
Package: needspace 2010/09/12 v1.3d reserve vertical space
)
\mdf@templength=\skip73
\c@mdf@globalstyle@cnt=\count316
\mdf@skipabove@length=\skip74
\mdf@skipbelow@length=\skip75
\mdf@leftmargin@length=\skip76
\mdf@rightmargin@length=\skip77
\mdf@innerleftmargin@length=\skip78
\mdf@innerrightmargin@length=\skip79
\mdf@innertopmargin@length=\skip80
\mdf@innerbottommargin@length=\skip81
\mdf@splittopskip@length=\skip82
\mdf@splitbottomskip@length=\skip83
\mdf@outermargin@length=\skip84
\mdf@innermargin@length=\skip85
\mdf@linewidth@length=\skip86
\mdf@innerlinewidth@length=\skip87
\mdf@middlelinewidth@length=\skip88
\mdf@outerlinewidth@length=\skip89
\mdf@roundcorner@length=\skip90
\mdf@footenotedistance@length=\skip91
\mdf@userdefinedwidth@length=\skip92
\mdf@needspace@length=\skip93
\mdf@frametitleaboveskip@length=\skip94
\mdf@frametitlebelowskip@length=\skip95
\mdf@frametitlerulewidth@length=\skip96
\mdf@frametitleleftmargin@length=\skip97
\mdf@frametitlerightmargin@length=\skip98
\mdf@shadowsize@length=\skip99
\mdf@extratopheight@length=\skip100
\mdf@subtitleabovelinewidth@length=\skip101
\mdf@subtitlebelowlinewidth@length=\skip102
\mdf@subtitleaboveskip@length=\skip103
\mdf@subtitlebelowskip@length=\skip104
\mdf@subtitleinneraboveskip@length=\skip105
\mdf@subtitleinnerbelowskip@length=\skip106
\mdf@subsubtitleabovelinewidth@length=\skip107
\mdf@subsubtitlebelowlinewidth@length=\skip108
\mdf@subsubtitleaboveskip@length=\skip109
\mdf@subsubtitlebelowskip@length=\skip110
\mdf@subsubtitleinneraboveskip@length=\skip111
\mdf@subsubtitleinnerbelowskip@length=\skip112

(/usr/share/texlive/texmf-dist/tex/latex/mdframed/md-frame-0.mdf
File: md-frame-0.mdf 2013/07/01\ 1.9b: md-frame-0
)
\mdf@frametitlebox=\box68
\mdf@footnotebox=\box69
\mdf@splitbox@one=\box70
\mdf@splitbox@two=\box71
\mdf@splitbox@save=\box72
\mdfsplitboxwidth=\skip113
\mdfsplitboxtotalwidth=\skip114
\mdfsplitboxheight=\skip115
\mdfsplitboxdepth=\skip116
\mdfsplitboxtotalheight=\skip117
\mdfframetitleboxwidth=\skip118
\mdfframetitleboxtotalwidth=\skip119
\mdfframetitleboxheight=\skip120
\mdfframetitleboxdepth=\skip121
\mdfframetitleboxtotalheight=\skip122
\mdffootnoteboxwidth=\skip123
\mdffootnoteboxtotalwidth=\skip124
\mdffootnoteboxheight=\skip125
\mdffootnoteboxdepth=\skip126
\mdffootnoteboxtotalheight=\skip127
\mdftotallinewidth=\skip128
\mdfboundingboxwidth=\skip129
\mdfboundingboxtotalwidth=\skip130
\mdfboundingboxheight=\skip131
\mdfboundingboxdepth=\skip132
\mdfboundingboxtotalheight=\skip133
\mdf@freevspace@length=\skip134
\mdf@horizontalwidthofbox@length=\skip135
\mdf@verticalmarginwhole@length=\skip136
\mdf@horizontalspaceofbox=\skip137
\mdfsubtitleheight=\skip138
\mdfsubsubtitleheight=\skip139
\c@mdfcountframes=\count317

****** mdframed patching \endmdf@trivlist

****** -- success******

\mdf@envdepth=\count318
\c@mdf@env@i=\count319
\c@mdf@env@ii=\count320
\c@mdf@zref@counter=\count321
Package zref Info: New property: mdf@pagevalue on input line 895.
)
(/usr/share/texlive/texmf-dist/tex/latex/tools/tabularx.sty
Package: tabularx 2023/07/08 v2.11c `tabularx' package (DPC)
\TX@col@width=\dimen256
\TX@old@table=\dimen257
\TX@old@col=\dimen258
\TX@target=\dimen259
\TX@delta=\dimen260
\TX@cols=\count322
\TX@ftn=\toks35
)
Package hyperref Info: Option `colorlinks' set `true' on input line 55.
LaTeX Font Info:    Trying to load font information for T1+lmr on input line 16
8.

(/usr/share/texmf/tex/latex/lm/t1lmr.fd
File: t1lmr.fd 2015/05/01 v1.6.1 Font defs for Latin Modern
) (./report_tp2.aux)
\openout1 = `report_tp2.aux'.

LaTeX Font Info:    Checking defaults for OML/cmm/m/it on input line 168.
LaTeX Font Info:    ... okay on input line 168.
LaTeX Font Info:    Checking defaults for OMS/cmsy/m/n on input line 168.
LaTeX Font Info:    ... okay on input line 168.
LaTeX Font Info:    Checking defaults for OT1/cmr/m/n on input line 168.
LaTeX Font Info:    ... okay on input line 168.
LaTeX Font Info:    Checking defaults for T1/cmr/m/n on input line 168.
LaTeX Font Info:    ... okay on input line 168.
LaTeX Font Info:    Checking defaults for TS1/cmr/m/n on input line 168.
LaTeX Font Info:    ... okay on input line 168.
LaTeX Font Info:    Checking defaults for OMX/cmex/m/n on input line 168.
LaTeX Font Info:    ... okay on input line 168.
LaTeX Font Info:    Checking defaults for U/cmr/m/n on input line 168.
LaTeX Font Info:    ... okay on input line 168.
LaTeX Font Info:    Checking defaults for PD1/pdf/m/n on input line 168.
LaTeX Font Info:    ... okay on input line 168.
LaTeX Font Info:    Checking defaults for PU/pdf/m/n on input line 168.
LaTeX Font Info:    ... okay on input line 168.

*geometry* driver: auto-detecting
*geometry* detected driver: pdftex
*geometry* verbose mode - [ preamble ] result:
* driver: pdftex
* paper: a4paper
* layout: <same size as paper>
* layoutoffset:(h,v)=(0.0pt,0.0pt)
* modes: 
* h-part:(L,W,R)=(71.13188pt, 455.24411pt, 71.13188pt)
* v-part:(T,H,B)=(71.13188pt, 702.78308pt, 71.13188pt)
* \paperwidth=597.50787pt
* \paperheight=845.04684pt
* \textwidth=455.24411pt
* \textheight=702.78308pt
* \oddsidemargin=-1.1381pt
* \evensidemargin=-1.1381pt
* \topmargin=-41.1381pt
* \headheight=15.0pt
* \headsep=25.0pt
* \topskip=12.0pt
* \footskip=30.0pt
* \marginparwidth=35.0pt
* \marginparsep=10.0pt
* \columnsep=10.0pt
* \skip\footins=10.8pt plus 4.0pt minus 2.0pt
* \hoffset=0.0pt
* \voffset=0.0pt
* \mag=1000
* \@twocolumnfalse
* \@twosidefalse
* \@mparswitchfalse
* \@reversemarginfalse
* (1in=72.27pt=25.4mm, 1cm=28.453pt)

(/usr/share/texlive/texmf-dist/tex/context/base/mkii/supp-pdf.mkii
[Loading MPS to PDF converter (version 2006.09.02).]
\scratchcounter=\count323
\scratchdimen=\dimen261
\scratchbox=\box73
\nofMPsegments=\count324
\nofMParguments=\count325
\everyMPshowfont=\toks36
\MPscratchCnt=\count326
\MPscratchDim=\dimen262
\MPnumerator=\count327
\makeMPintoPDFobject=\count328
\everyMPtoPDFconversion=\toks37
) (/usr/share/texlive/texmf-dist/tex/latex/epstopdf-pkg/epstopdf-base.sty
Package: epstopdf-base 2020-01-24 v2.11 Base part for package epstopdf
Package epstopdf-base Info: Redefining graphics rule for `.eps' on input line 4
85.

(/usr/share/texlive/texmf-dist/tex/latex/latexconfig/epstopdf-sys.cfg
File: epstopdf-sys.cfg 2010/07/13 v1.3 Configuration of (r)epstopdf for TeX Liv
e
))
Package hyperref Info: Link coloring ON on input line 168.

(./report_tp2.out) (./report_tp2.out)
\@outlinefile=\write3
\openout3 = `report_tp2.out'.

\c@lstlisting=\count329
LaTeX Info: Redefining \microtypecontext on input line 168.
Package microtype Info: Applying patch `item' on input line 168.
Package microtype Info: Applying patch `toc' on input line 168.
Package microtype Info: Applying patch `eqnum' on input line 168.
Package microtype Info: Applying patch `footnote' on input line 168.
Package microtype Info: Applying patch `verbatim' on input line 168.
Package microtype Info: Generating PDF output.
Package microtype Info: Character protrusion enabled (level 2).
Package microtype Info: Using default protrusion set `alltext'.
Package microtype Info: Automatic font expansion enabled (level 2),
(microtype)             stretch: 20, shrink: 20, step: 1, non-selected.
Package microtype Info: Using default expansion set `alltext-nott'.
LaTeX Info: Redefining \showhyphens on input line 168.
Package microtype Info: No adjustment of tracking.
Package microtype Info: No adjustment of interword spacing.
Package microtype Info: No adjustment of character kerning.

(/usr/share/texlive/texmf-dist/tex/latex/microtype/mt-cmr.cfg
File: mt-cmr.cfg 2013/05/19 v2.2 microtype config. file: Computer Modern Roman 
(RS)
)
Package caption Info: Begin \AtBeginDocument code.
Package caption Info: float package is loaded.
Package caption Info: End \AtBeginDocument code.
LaTeX Font Info:    Trying to load font information for OT1+lmr on input line 1
85.

(/usr/share/texmf/tex/latex/lm/ot1lmr.fd
File: ot1lmr.fd 2015/05/01 v1.6.1 Font defs for Latin Modern
)
LaTeX Font Info:    Trying to load font information for OML+lmm on input line 1
85.

(/usr/share/texmf/tex/latex/lm/omllmm.fd
File: omllmm.fd 2015/05/01 v1.6.1 Font defs for Latin Modern
)
LaTeX Font Info:    Trying to load font information for OMS+lmsy on input line 
185.

(/usr/share/texmf/tex/latex/lm/omslmsy.fd
File: omslmsy.fd 2015/05/01 v1.6.1 Font defs for Latin Modern
)
LaTeX Font Info:    Trying to load font information for OMX+lmex on input line 
185.

(/usr/share/texmf/tex/latex/lm/omxlmex.fd
File: omxlmex.fd 2015/05/01 v1.6.1 Font defs for Latin Modern
)
LaTeX Font Info:    External font `lmex10' loaded for size
(Font)              <12> on input line 185.
LaTeX Font Info:    External font `lmex10' loaded for size
(Font)              <8> on input line 185.
LaTeX Font Info:    External font `lmex10' loaded for size
(Font)              <6> on input line 185.
 [1

{/var/lib/texmf/fonts/map/pdftex/updmap/pdftex.map}{/usr/share/texmf/fonts/enc/
dvips/lm/lm-ec.enc}{/usr/share/texmf/fonts/enc/dvips/lm/lm-mathsy.enc}] (./repo
rt_tp2.toc

Package fancyhdr Warning: \headheight is too small (15.0pt): 
(fancyhdr)                Make it at least 24.01996pt, for example:
(fancyhdr)                \setlength{\headheight}{24.01996pt}.
(fancyhdr)                You might also make \topmargin smaller to compensate:

(fancyhdr)                \addtolength{\topmargin}{-9.01996pt}.


pdfTeX warning (ext4): destination with the same identifier (name{page.1}) has 
been already used, duplicate ignored
<to be read again> 
                   \relax 
l.44 ... Enrichment (DBpedia)}{25}{subsection.6.4}
                                                  % [1]
LaTeX Font Info:    Trying to load font information for T1+lmtt on input line 5
7.

(/usr/share/texmf/tex/latex/lm/t1lmtt.fd
File: t1lmtt.fd 2015/05/01 v1.6.1 Font defs for Latin Modern
)
Package microtype Info: Loading generic protrusion settings for font family
(microtype)             `lmtt' (encoding: T1).
(microtype)             For optimal results, create family-specific settings.
(microtype)             See the microtype manual for details.
)
\tf@toc=\write4
\openout4 = `report_tp2.toc'.



Package fancyhdr Warning: \headheight is too small (15.0pt): 
(fancyhdr)                Make it at least 24.01996pt, for example:
(fancyhdr)                \setlength{\headheight}{24.01996pt}.
(fancyhdr)                You might also make \topmargin smaller to compensate:

(fancyhdr)                \addtolength{\topmargin}{-9.01996pt}.

[2]
LaTeX Font Info:    Trying to load font information for TS1+lmr on input line 2
12.
 (/usr/share/texmf/tex/latex/lm/ts1lmr.fd
File: ts1lmr.fd 2015/05/01 v1.6.1 Font defs for Latin Modern
)
Overfull \hbox (165.15482pt too wide) in paragraph at lines 235--253
 [] 
 []


Package fancyhdr Warning: \headheight is too small (15.0pt): 
(fancyhdr)                Make it at least 24.01996pt, for example:
(fancyhdr)                \setlength{\headheight}{24.01996pt}.
(fancyhdr)                You might also make \topmargin smaller to compensate:

(fancyhdr)                \addtolength{\topmargin}{-9.01996pt}.

[3{/usr/share/texmf/fonts/enc/dvips/lm/lm-ts1.enc}]
Package hyperref Info: bookmark level for unknown lstlisting defaults to 0 on i
nput line 287.
LaTeX Font Info:    Font shape `T1/lmtt/bx/n' in size <10> not available
(Font)              Font shape `T1/lmtt/b/n' tried instead on input line 288.


Package fancyhdr Warning: \headheight is too small (15.0pt): 
(fancyhdr)                Make it at least 24.01996pt, for example:
(fancyhdr)                \setlength{\headheight}{24.01996pt}.
(fancyhdr)                You might also make \topmargin smaller to compensate:

(fancyhdr)                \addtolength{\topmargin}{-9.01996pt}.

[4]
Overfull \hbox (27.85625pt too wide) in paragraph at lines 328--330
[]\T1/lmr/m/n/12 (-20) So \T1/lmtt/m/n/12 <driver/1> f1:driverRef "hamilton" \T
1/lmr/m/n/12 (-20) causes GraphDB to au-to-mat-i-cally in-fer \T1/lmtt/m/n/12 <
driver/1>
 []


Overfull \hbox (11.09459pt too wide) in paragraph at lines 358--365
\T1/lmr/m/n/12 (-20) Properties like \T1/lmtt/m/n/12 f1:driverId\T1/lmr/m/n/12 
(-20) , \T1/lmtt/m/n/12 f1:constructorId\T1/lmr/m/n/12 (-20) , and \T1/lmtt/m/n
/12 f1:raceId \T1/lmr/m/n/12 (-20) ap-pear as \T1/lmr/bx/n/12 (-20) lit-eral co
lumns
 []


Package fancyhdr Warning: \headheight is too small (15.0pt): 
(fancyhdr)                Make it at least 24.01996pt, for example:
(fancyhdr)                \setlength{\headheight}{24.01996pt}.
(fancyhdr)                You might also make \topmargin smaller to compensate:

(fancyhdr)                \addtolength{\topmargin}{-9.01996pt}.

[5]

Package tabularx Warning: X Columns too narrow (table too wide)
(tabularx)                 on input line 389.


Overfull \hbox (35.63673pt too wide) in paragraph at lines 389--389
[]|\T1/lmr/bx/n/12 (-20) Purpose| 
 []


Overfull \hbox (0.71631pt too wide) in paragraph at lines 389--389
[]|\T1/lmr/m/n/12 (-20) At
 []


Overfull \hbox (12.3065pt too wide) in paragraph at lines 389--389
\T1/lmr/m/n/12 (-20) most
 []


Overfull \hbox (5.52263pt too wide) in paragraph at lines 389--389
\T1/lmr/m/n/12 (-20) one
 []


Overfull \hbox (13.84052pt too wide) in paragraph at lines 389--389
\T1/lmr/m/n/12 (-20) value
 []


Overfull \hbox (4.34622pt too wide) in paragraph at lines 389--389
\T1/lmr/m/n/12 (-20) per
 []


Overfull \hbox (7.46312pt too wide) in paragraph at lines 389--389
\T1/lmr/m/n/12 (-20) sub-
 []


Overfull \hbox (6.48163pt too wide) in paragraph at lines 389--389
\T1/lmr/m/n/12 (-20) ject| 
 []


Underfull \hbox (badness 10000) in paragraph at lines 389--389
[]|$\OML/lmm/m/it/12 x$
 []


Overfull \hbox (35.8009pt too wide) in paragraph at lines 389--389
\T1/lmr/m/n/12 (-20) wasTeam-
 []


Overfull \hbox (13.19931pt too wide) in paragraph at lines 389--389
\T1/lmr/m/n/12 (-20) mate
 []


Overfull \hbox (9.74313pt too wide) in paragraph at lines 389--389
\OML/lmm/m/it/12 y \OMS/lmsy/m/n/12 )
 []


Underfull \hbox (badness 10000) in paragraph at lines 389--389
\OML/lmm/m/it/12 y$
 []


Overfull \hbox (35.8009pt too wide) in paragraph at lines 389--389
\T1/lmr/m/n/12 (-20) wasTeam-
 []


Overfull \hbox (13.19931pt too wide) in paragraph at lines 389--389
\T1/lmr/m/n/12 (-20) mate
 []


Underfull \hbox (badness 10000) in paragraph at lines 389--389
\OML/lmm/m/it/12 x$
 []


Overfull \hbox (40.36742pt too wide) in paragraph at lines 389--389
\T1/lmr/m/n/12 (-20) (GraphDB
 []


Overfull \hbox (5.47993pt too wide) in paragraph at lines 389--389
\T1/lmr/m/n/12 (-20) ma-
 []


Underfull \hbox (badness 10000) in paragraph at lines 389--389
\T1/lmr/m/n/12 te-
 []


Underfull \hbox (badness 10000) in paragraph at lines 389--389
\T1/lmr/m/n/12 (+20) ri-
 []


Overfull \hbox (14.60658pt too wide) in paragraph at lines 389--389
\T1/lmr/m/n/12 (-20) alises
 []


Overfull \hbox (4.24309pt too wide) in paragraph at lines 389--389
\T1/lmr/m/n/12 (-20) the
 []


Underfull \hbox (badness 10000) in paragraph at lines 389--389
\T1/lmr/m/n/12 in-
 []


Overfull \hbox (17.42871pt too wide) in paragraph at lines 389--389
\T1/lmr/m/n/12 (-20) verse)| 
 []


Overfull \hbox (48.22433pt too wide) in paragraph at lines 389--389
[]|\T1/lmr/m/n/12 (-20) Constructor
 []


Overfull \hbox (19.84468pt too wide) in paragraph at lines 389--389
\T1/lmr/m/n/12 (-20) Driver
 []


Overfull \hbox (8.03229pt too wide) in paragraph at lines 389--389
\T1/lmr/m/n/12 (-20) nav-
 []


Underfull \hbox (badness 10000) in paragraph at lines 389--389
\T1/lmr/m/n/12 (+20) i-
 []


Overfull \hbox (1.64127pt too wide) in paragraph at lines 389--389
\T1/lmr/m/n/12 (-20) ga-
 []


Overfull \hbox (8.08176pt too wide) in paragraph at lines 389--389
\T1/lmr/m/n/12 (-20) tion
 []


Overfull \hbox (12.09364pt too wide) in paragraph at lines 389--389
\T1/lmr/m/n/12 (-20) with-
 []


Overfull \hbox (4.5658pt too wide) in paragraph at lines 389--389
\T1/lmr/m/n/12 (-20) out
 []


Overfull \hbox (9.38165pt too wide) in paragraph at lines 389--389
\T1/lmr/m/n/12 (-20) stor-
 []


Overfull \hbox (3.6038pt too wide) in paragraph at lines 389--389
\T1/lmr/m/n/12 (-20) ing
 []


Overfull \hbox (4.24309pt too wide) in paragraph at lines 389--389
\T1/lmr/m/n/12 (-20) the
 []


Overfull \hbox (15.11847pt too wide) in paragraph at lines 389--389
\T1/lmr/m/n/12 (-20) triple
 []


Overfull \hbox (14.15176pt too wide) in paragraph at lines 389--389
\T1/lmr/m/n/12 (-20) twice| 
 []


Overfull \hbox (12.7168pt too wide) in paragraph at lines 389--389
[]|\T1/lmr/m/n/12 (-20) Race
 []


Overfull \hbox (10.28156pt too wide) in paragraph at lines 389--389
\T1/lmr/m/n/12 (-20) wins
 []


Overfull \hbox (7.50584pt too wide) in paragraph at lines 389--389
\T1/lmr/m/n/12 (-20) also
 []


Overfull \hbox (2.2812pt too wide) in paragraph at lines 389--389
\T1/lmr/m/n/12 (-20) ap-
 []


Overfull \hbox (10.10371pt too wide) in paragraph at lines 389--389
\T1/lmr/m/n/12 (-20) pear
 []


Underfull \hbox (badness 10000) in paragraph at lines 389--389
\T1/lmr/m/n/12 (+20) as
 []


Overfull \hbox (50.0002pt too wide) in paragraph at lines 389--389
\T1/lmtt/m/n/12 competedIn
 []


Overfull \hbox (21.22594pt too wide) in paragraph at lines 389--389
\T1/lmr/m/n/12 (-20) triples;
 []


Overfull \hbox (1.64125pt too wide) in paragraph at lines 389--389
\T1/lmr/m/n/12 (-20) en-
 []


Overfull \hbox (13.26332pt too wide) in paragraph at lines 389--389
\T1/lmr/m/n/12 (-20) ables
 []


Overfull \hbox (33.3075pt too wide) in paragraph at lines 389--389
\T1/lmr/m/n/12 (-20) property-
 []


Overfull \hbox (11.28047pt too wide) in paragraph at lines 389--389
\T1/lmr/m/n/12 (-20) path
 []


Overfull \hbox (23.1788pt too wide) in paragraph at lines 389--389
\T1/lmr/m/n/12 (-20) queries| 
 []


Overfull \hbox (13.03084pt too wide) in paragraph at lines 389--389
[]|\T1/lmr/m/n/12 (-20) Each
 []


Overfull \hbox (8.72069pt too wide) in paragraph at lines 389--389
\T1/lmr/m/n/12 (-20) race
 []


Underfull \hbox (badness 10000) in paragraph at lines 389--389
\T1/lmr/m/n/12 (+20) is
 []


Overfull \hbox (9.36128pt too wide) in paragraph at lines 389--389
\T1/lmr/m/n/12 (-20) held
 []


Underfull \hbox (badness 10000) in paragraph at lines 389--389
\T1/lmr/m/n/12 (+20) at
 []


Overfull \hbox (1.3213pt too wide) in paragraph at lines 389--389
\T1/lmr/m/n/12 (-20) ex-
 []


Overfull \hbox (12.44461pt too wide) in paragraph at lines 389--389
\T1/lmr/m/n/12 (-20) actly
 []


Overfull \hbox (5.52263pt too wide) in paragraph at lines 389--389
\T1/lmr/m/n/12 (-20) one
 []


Overfull \hbox (2.92049pt too wide) in paragraph at lines 389--389
\T1/lmr/m/n/12 (-20) cir-
 []


Overfull \hbox (7.4418pt too wide) in paragraph at lines 389--389
\T1/lmr/m/n/12 (-20) cuit| 
 []


Overfull \hbox (25.89519pt too wide) in paragraph at lines 389--389
[]|\T1/lmr/m/n/12 (-20) Detects
 []


Overfull \hbox (12.20375pt too wide) in paragraph at lines 389--389
\T1/lmr/m/n/12 (-20) mod-
 []


Overfull \hbox (15.11877pt too wide) in paragraph at lines 389--389
\T1/lmr/m/n/12 (-20) elling
 []


Underfull \hbox (badness 10000) in paragraph at lines 389--389
\T1/lmr/m/n/12 er-
 []


Overfull \hbox (7.50554pt too wide) in paragraph at lines 389--389
\T1/lmr/m/n/12 (-20) rors
 []


Overfull \hbox (7.3991pt too wide) in paragraph at lines 389--389
\T1/lmr/m/n/12 (-20) dur-
 []


Overfull \hbox (3.6038pt too wide) in paragraph at lines 389--389
\T1/lmr/m/n/12 (-20) ing
 []


Overfull \hbox (8.19633pt too wide) in paragraph at lines 389--389
\T1/lmr/m/n/12 (-20) Pro-
 []


Overfull \hbox (8.72069pt too wide) in paragraph at lines 389--389
\T1/lmr/m/n/12 (-20) tégé
 []


Overfull \hbox (4.20166pt too wide) in paragraph at lines 389--389
\T1/lmr/m/n/12 (-20) val-
 []


Underfull \hbox (badness 10000) in paragraph at lines 389--389
\T1/lmr/m/n/12 (+20) i-
 []


Overfull \hbox (2.2812pt too wide) in paragraph at lines 389--389
\T1/lmr/m/n/12 (-20) da-
 []


Overfull \hbox (8.08176pt too wide) in paragraph at lines 389--389
\T1/lmr/m/n/12 (-20) tion| 
 []


Overfull \hbox (125.40825pt too wide) in alignment at lines 389--389
[][][] 
 []


Package fancyhdr Warning: \headheight is too small (15.0pt): 
(fancyhdr)                Make it at least 24.01996pt, for example:
(fancyhdr)                \setlength{\headheight}{24.01996pt}.
(fancyhdr)                You might also make \topmargin smaller to compensate:

(fancyhdr)                \addtolength{\topmargin}{-9.01996pt}.

[6]
Overfull \vbox (402.62909pt too high) has occurred while \output is active []



Package fancyhdr Warning: \headheight is too small (15.0pt): 
(fancyhdr)                Make it at least 24.01996pt, for example:
(fancyhdr)                \setlength{\headheight}{24.01996pt}.
(fancyhdr)                You might also make \topmargin smaller to compensate:

(fancyhdr)                \addtolength{\topmargin}{-9.01996pt}.

[7{/usr/share/texmf/fonts/enc/dvips/lm/lm-mathit.enc}]
Overfull \hbox (8.7268pt too wide) in paragraph at lines 454--456
\T1/lmr/m/n/12 (-20) During val-i-da-tion, Her-miT raised an \T1/lmtt/m/n/12 Un
supportedDatatypeException \T1/lmr/m/n/12 (-20) for three \T1/lmtt/m/n/12 rdfs:
range
 []


Package fancyhdr Warning: \headheight is too small (15.0pt): 
(fancyhdr)                Make it at least 24.01996pt, for example:
(fancyhdr)                \setlength{\headheight}{24.01996pt}.
(fancyhdr)                You might also make \topmargin smaller to compensate:

(fancyhdr)                \addtolength{\topmargin}{-9.01996pt}.

[8]
Overfull \hbox (52.68652pt too wide) in paragraph at lines 480--492
\T1/lmr/m/n/12 (-20) Driver/-Con-struc-tor/-Cir-cuit, \T1/lmtt/m/n/12 owl:disjo
intWith \T1/lmr/m/n/12 (-20) for con-sis-tency check-ing, \T1/lmtt/m/n/12 owl:F
unctionalProperty\T1/lmr/m/n/12 (-20) ,
 []


Underfull \hbox (badness 10000) in paragraph at lines 508--511
[]|\T1/lmr/m/n/12 (+20) Driver $\OMS/lmsy/m/n/12 ^^Q$ $9$\T1/lmtt/m/n/12 driver
Ref.string\T1/lmr/m/n/12 (+20) , Con-struc-
 []


Underfull \hbox (badness 10000) in paragraph at lines 508--511
\T1/lmr/m/n/12 (+20) tor $\OMS/lmsy/m/n/12 ^^Q$ $9$\T1/lmtt/m/n/12 constructorR
ef.string\T1/lmr/m/n/12 (+20) , Cir-
 []


Underfull \hbox (badness 10000) in paragraph at lines 511--514
[]|\T1/lmtt/m/n/12 wonRace $\OMS/lmsy/m/n/12 v$ \T1/lmtt/m/n/12 achievedPodium 
$\OMS/lmsy/m/n/12 v$ \T1/lmtt/m/n/12 competedIn\T1/lmr/m/n/12 (+20) ,
 []


Underfull \hbox (badness 10000) in paragraph at lines 511--514
\T1/lmtt/m/n/12 finishedSecond $\OMS/lmsy/m/n/12 v$ \T1/lmtt/m/n/12 achievedPod
ium\T1/lmr/m/n/12 (+20) ,
 []


Package fancyhdr Warning: \headheight is too small (15.0pt): 
(fancyhdr)                Make it at least 24.01996pt, for example:
(fancyhdr)                \setlength{\headheight}{24.01996pt}.
(fancyhdr)                You might also make \topmargin smaller to compensate:

(fancyhdr)                \addtolength{\topmargin}{-9.01996pt}.

[9]
Overfull \hbox (1.54868pt too wide) in paragraph at lines 549--555
\T1/lmtt/m/n/12 ConstructorChampion\T1/lmr/m/n/12 (-20) , \T1/lmtt/m/n/12 Activ
eCircuit\T1/lmr/m/n/12 (-20) , \T1/lmtt/m/n/12 HistoricCircuit\T1/lmr/m/n/12 (-
20) , and \T1/lmtt/m/n/12 PodiumResult \T1/lmr/m/n/12 (-20) sub-classes
 []

(./tables/metrics.tex
Overfull \hbox (4.53148pt too wide) in paragraph at lines 6--27
 [] 
 []


Package fancyhdr Warning: \headheight is too small (15.0pt): 
(fancyhdr)                Make it at least 24.01996pt, for example:
(fancyhdr)                \setlength{\headheight}{24.01996pt}.
(fancyhdr)                You might also make \topmargin smaller to compensate:

(fancyhdr)                \addtolength{\topmargin}{-9.01996pt}.

[10]
Overfull \hbox (147.652pt too wide) in paragraph at lines 59--72
 [] 
 []

) (./tables/classes.tex
Overfull \hbox (62.72495pt too wide) in paragraph at lines 4--39
 [] 
 []


Package fancyhdr Warning: \headheight is too small (15.0pt): 
(fancyhdr)                Make it at least 24.01996pt, for example:
(fancyhdr)                \setlength{\headheight}{24.01996pt}.
(fancyhdr)                You might also make \topmargin smaller to compensate:

(fancyhdr)                \addtolength{\topmargin}{-9.01996pt}.

[11]) (./tables/object-properties.tex
Overfull \hbox (201.54922pt too wide) in paragraph at lines 4--31
 [] 
 []


Package fancyhdr Warning: \headheight is too small (15.0pt): 
(fancyhdr)                Make it at least 24.01996pt, for example:
(fancyhdr)                \setlength{\headheight}{24.01996pt}.
(fancyhdr)                You might also make \topmargin smaller to compensate:

(fancyhdr)                \addtolength{\topmargin}{-9.01996pt}.

[12])

Package fancyhdr Warning: \headheight is too small (15.0pt): 
(fancyhdr)                Make it at least 24.01996pt, for example:
(fancyhdr)                \setlength{\headheight}{24.01996pt}.
(fancyhdr)                You might also make \topmargin smaller to compensate:

(fancyhdr)                \addtolength{\topmargin}{-9.01996pt}.

[13] (./tables/spin-rules.tex
Overfull \hbox (172.41594pt too wide) in paragraph at lines 4--33
 [] 
 []


Package fancyhdr Warning: \headheight is too small (15.0pt): 
(fancyhdr)                Make it at least 24.01996pt, for example:
(fancyhdr)                \setlength{\headheight}{24.01996pt}.
(fancyhdr)                You might also make \topmargin smaller to compensate:

(fancyhdr)                \addtolength{\topmargin}{-9.01996pt}.

[14])
Overfull \hbox (151.08017pt too wide) in paragraph at lines 660--685
 [] 
 []


Package fancyhdr Warning: \headheight is too small (15.0pt): 
(fancyhdr)                Make it at least 24.01996pt, for example:
(fancyhdr)                \setlength{\headheight}{24.01996pt}.
(fancyhdr)                You might also make \topmargin smaller to compensate:

(fancyhdr)                \addtolength{\topmargin}{-9.01996pt}.

[15]
Overfull \hbox (9.52853pt too wide) in paragraph at lines 687--692
\T1/lmtt/m/n/12 "/sprint-result/")) \T1/lmr/m/n/12 (-20) guard in the new rules
 but not in the orig-i-nal \T1/lmtt/m/n/12 infer_achievedPodium
 []


Package fancyhdr Warning: \headheight is too small (15.0pt): 
(fancyhdr)                Make it at least 24.01996pt, for example:
(fancyhdr)                \setlength{\headheight}{24.01996pt}.
(fancyhdr)                You might also make \topmargin smaller to compensate:

(fancyhdr)                \addtolength{\topmargin}{-9.01996pt}.

[16{/usr/share/texmf/fonts/enc/dvips/lm/lm-rm.enc}]

Package fancyhdr Warning: \headheight is too small (15.0pt): 
(fancyhdr)                Make it at least 24.01996pt, for example:
(fancyhdr)                \setlength{\headheight}{24.01996pt}.
(fancyhdr)                You might also make \topmargin smaller to compensate:

(fancyhdr)                \addtolength{\topmargin}{-9.01996pt}.

[17]
Overfull \hbox (53.68346pt too wide) in paragraph at lines 824--827
\T1/lmr/m/n/12 (-20) si-tion prop-er-ties. Com-bined with the prop-erty hi-er-a
r-chy change (\T1/lmtt/m/n/12 f1:wonRace $\OMS/lmsy/m/n/12 v$ \T1/lmtt/m/n/12 f
1:achievedPodium\T1/lmr/m/n/12 (-20) ),
 []


Package fancyhdr Warning: \headheight is too small (15.0pt): 
(fancyhdr)                Make it at least 24.01996pt, for example:
(fancyhdr)                \setlength{\headheight}{24.01996pt}.
(fancyhdr)                You might also make \topmargin smaller to compensate:

(fancyhdr)                \addtolength{\topmargin}{-9.01996pt}.

[18]
Overfull \hbox (58.8798pt too wide) in paragraph at lines 835--838
[]\T1/lmr/m/n/12 (-20) Both rules ex-clude sprint-result URIs via \T1/lmtt/m/n/
12 FILTER(!CONTAINS(STR(?result), "/sprint-result/"))\T1/lmr/m/n/12 (-20) ,
 []


Overfull \hbox (51.65865pt too wide) in paragraph at lines 839--844
[]\T1/lmr/bx/n/12 (-20) Verified counts (live GraphDB): \T1/lmtt/m/n/12 f1:fini
shedSecond \T1/lmr/m/n/12 (-20) = 1,134 triples (0.49 s), \T1/lmtt/m/n/12 f1:fi
nishedThird
 []

LaTeX Font Info:    Font shape `T1/lmtt/bx/n' in size <12> not available
(Font)              Font shape `T1/lmtt/b/n' tried instead on input line 852.

Overfull \hbox (36.55379pt too wide) in paragraph at lines 860--865
[]\T1/lmr/m/n/12 (-20) Chains on the out-puts of \T1/lmtt/m/n/12 infer_startedF
romP1 \T1/lmr/m/n/12 (-20) and \T1/lmtt/m/n/12 infer_wonRace\T1/lmr/m/n/12 (-20
) :
 []


Package fancyhdr Warning: \headheight is too small (15.0pt): 
(fancyhdr)                Make it at least 24.01996pt, for example:
(fancyhdr)                \setlength{\headheight}{24.01996pt}.
(fancyhdr)                You might also make \topmargin smaller to compensate:

(fancyhdr)                \addtolength{\topmargin}{-9.01996pt}.

[19]

Package fancyhdr Warning: \headheight is too small (15.0pt): 
(fancyhdr)                Make it at least 24.01996pt, for example:
(fancyhdr)                \setlength{\headheight}{24.01996pt}.
(fancyhdr)                You might also make \topmargin smaller to compensate:

(fancyhdr)                \addtolength{\topmargin}{-9.01996pt}.

[20]
Overfull \hbox (5.33507pt too wide) in paragraph at lines 971--974
\T1/lmr/m/n/12 (-20) The on-tol-ogy de-clares \T1/lmtt/m/n/12 wonRace $\OMS/lms
y/m/n/12 v$ \T1/lmtt/m/n/12 competedIn \T1/lmr/m/n/12 (-20) and \T1/lmtt/m/n/12
 achievedPodium $\OMS/lmsy/m/n/12 v$ \T1/lmtt/m/n/12 competedIn\T1/lmr/m/n/12 (
-20) . This
 []


Package fancyhdr Warning: \headheight is too small (15.0pt): 
(fancyhdr)                Make it at least 24.01996pt, for example:
(fancyhdr)                \setlength{\headheight}{24.01996pt}.
(fancyhdr)                You might also make \topmargin smaller to compensate:

(fancyhdr)                \addtolength{\topmargin}{-9.01996pt}.

[21]

Package fancyhdr Warning: \headheight is too small (15.0pt): 
(fancyhdr)                Make it at least 24.01996pt, for example:
(fancyhdr)                \setlength{\headheight}{24.01996pt}.
(fancyhdr)                You might also make \topmargin smaller to compensate:

(fancyhdr)                \addtolength{\topmargin}{-9.01996pt}.

[22]
LaTeX Font Info:    Trying to load font information for TS1+lmtt on input line 
1082.
 (/usr/share/texmf/tex/latex/lm/ts1lmtt.fd
File: ts1lmtt.fd 2015/05/01 v1.6.1 Font defs for Latin Modern
)
Package microtype Info: Loading generic protrusion settings for font family
(microtype)             `lmtt' (encoding: TS1).
(microtype)             For optimal results, create family-specific settings.
(microtype)             See the microtype manual for details.
Package microtype Info: Character `texttrademark ' is missing
(microtype)             in font `TS1/lmtt/m/n/12'.
(microtype)             Ignoring protrusion settings for this character.

Overfull \hbox (127.81618pt too wide) in paragraph at lines 1095--1100
[]\T1/lmr/bx/n/12 (-20) Portrait pho-tos \T1/lmr/m/n/12 (-20) are loaded from t
he Wikipedia REST sum-mary end-point (\T1/lmtt/m/n/12 /api/rest_v1/page/summary
/{title}\T1/lmr/m/n/12 (-20) )
 []


Package fancyhdr Warning: \headheight is too small (15.0pt): 
(fancyhdr)                Make it at least 24.01996pt, for example:
(fancyhdr)                \setlength{\headheight}{24.01996pt}.
(fancyhdr)                You might also make \topmargin smaller to compensate:

(fancyhdr)                \addtolength{\topmargin}{-9.01996pt}.

[23] (/usr/share/texlive/texmf-dist/tex/latex/listings/lstlang1.sty
File: lstlang1.sty 2023/02/27 1.9 listings language file
)

Package fancyhdr Warning: \headheight is too small (15.0pt): 
(fancyhdr)                Make it at least 24.01996pt, for example:
(fancyhdr)                \setlength{\headheight}{24.01996pt}.
(fancyhdr)                You might also make \topmargin smaller to compensate:

(fancyhdr)                \addtolength{\topmargin}{-9.01996pt}.

[24]
Overfull \hbox (9.81563pt too wide) in paragraph at lines 1191--1201
 [] 
 []


Overfull \hbox (42.51273pt too wide) in paragraph at lines 1236--1248
 [] 
 []


Package fancyhdr Warning: \headheight is too small (15.0pt): 
(fancyhdr)                Make it at least 24.01996pt, for example:
(fancyhdr)                \setlength{\headheight}{24.01996pt}.
(fancyhdr)                You might also make \topmargin smaller to compensate:

(fancyhdr)                \addtolength{\topmargin}{-9.01996pt}.

[25]

Package fancyhdr Warning: \headheight is too small (15.0pt): 
(fancyhdr)                Make it at least 24.01996pt, for example:
(fancyhdr)                \setlength{\headheight}{24.01996pt}.
(fancyhdr)                You might also make \topmargin smaller to compensate:

(fancyhdr)                \addtolength{\topmargin}{-9.01996pt}.

[26]
Overfull \hbox (15.38377pt too wide) in paragraph at lines 1348--1350
[]\T1/lmr/bx/n/12 (-20) Screenshot to cap-ture: \T1/lmr/m/n/12 (-20) RDFa Play 
show-ing the parsed graph panel with the \T1/lmtt/m/n/12 schema:Person
 []


Overfull \hbox (61.6804pt too wide) in paragraph at lines 1355--1368
 [] 
 []


Package fancyhdr Warning: \headheight is too small (15.0pt): 
(fancyhdr)                Make it at least 24.01996pt, for example:
(fancyhdr)                \setlength{\headheight}{24.01996pt}.
(fancyhdr)                You might also make \topmargin smaller to compensate:

(fancyhdr)                \addtolength{\topmargin}{-9.01996pt}.

[27]

Package fancyhdr Warning: \headheight is too small (15.0pt): 
(fancyhdr)                Make it at least 24.01996pt, for example:
(fancyhdr)                \setlength{\headheight}{24.01996pt}.
(fancyhdr)                You might also make \topmargin smaller to compensate:

(fancyhdr)                \addtolength{\topmargin}{-9.01996pt}.

[28]
Overfull \hbox (4.67838pt too wide) in paragraph at lines 1461--1463
[]\T1/lmr/bx/n/12 (-20) Browser JSON re-sponse \T1/lmr/m/n/12 (-20) from \T1/lm
tt/m/n/12 /api/parse-microformats/?url=.../circuits/1/
 []


Package fancyhdr Warning: \headheight is too small (15.0pt): 
(fancyhdr)                Make it at least 24.01996pt, for example:
(fancyhdr)                \setlength{\headheight}{24.01996pt}.
(fancyhdr)                You might also make \topmargin smaller to compensate:

(fancyhdr)                \addtolength{\topmargin}{-9.01996pt}.

[29]
Overfull \hbox (50.48267pt too wide) in paragraph at lines 1524--1537
 [] 
 []


Package fancyhdr Warning: \headheight is too small (15.0pt): 
(fancyhdr)                Make it at least 24.01996pt, for example:
(fancyhdr)                \setlength{\headheight}{24.01996pt}.
(fancyhdr)                You might also make \topmargin smaller to compensate:

(fancyhdr)                \addtolength{\topmargin}{-9.01996pt}.

[30]

Package fancyhdr Warning: \headheight is too small (15.0pt): 
(fancyhdr)                Make it at least 24.01996pt, for example:
(fancyhdr)                \setlength{\headheight}{24.01996pt}.
(fancyhdr)                You might also make \topmargin smaller to compensate:

(fancyhdr)                \addtolength{\topmargin}{-9.01996pt}.

[31]

Package fancyhdr Warning: \headheight is too small (15.0pt): 
(fancyhdr)                Make it at least 24.01996pt, for example:
(fancyhdr)                \setlength{\headheight}{24.01996pt}.
(fancyhdr)                You might also make \topmargin smaller to compensate:

(fancyhdr)                \addtolength{\topmargin}{-9.01996pt}.

[32]

Package fancyhdr Warning: \headheight is too small (15.0pt): 
(fancyhdr)                Make it at least 24.01996pt, for example:
(fancyhdr)                \setlength{\headheight}{24.01996pt}.
(fancyhdr)                You might also make \topmargin smaller to compensate:

(fancyhdr)                \addtolength{\topmargin}{-9.01996pt}.

[33]
Overfull \hbox (65.61952pt too wide) in paragraph at lines 1734--1738
[][][]\T1/lmr/m/n/12 (-20) GraphDB Free[][] run-ning on \T1/lmtt/m/n/12 http://
localhost:7200\T1/lmr/m/n/12 (-20) , with a repos-i-tory named \T1/lmtt/b/n/12 
ws-formula1-owlmax
 []


Package fancyhdr Warning: \headheight is too small (15.0pt): 
(fancyhdr)                Make it at least 24.01996pt, for example:
(fancyhdr)                \setlength{\headheight}{24.01996pt}.
(fancyhdr)                You might also make \topmargin smaller to compensate:

(fancyhdr)                \addtolength{\topmargin}{-9.01996pt}.

[34]

Package fancyhdr Warning: \headheight is too small (15.0pt): 
(fancyhdr)                Make it at least 24.01996pt, for example:
(fancyhdr)                \setlength{\headheight}{24.01996pt}.
(fancyhdr)                You might also make \topmargin smaller to compensate:

(fancyhdr)                \addtolength{\topmargin}{-9.01996pt}.

[35]
Overfull \hbox (36.85216pt too wide) in paragraph at lines 1821--1831
 [] 
 []


Package fancyhdr Warning: \headheight is too small (15.0pt): 
(fancyhdr)                Make it at least 24.01996pt, for example:
(fancyhdr)                \setlength{\headheight}{24.01996pt}.
(fancyhdr)                You might also make \topmargin smaller to compensate:

(fancyhdr)                \addtolength{\topmargin}{-9.01996pt}.

[36] (./report_tp2.aux)
 ***********
LaTeX2e <2023-11-01> patch level 1
L3 programming layer <2024-01-22>
 ***********
Package rerunfilecheck Info: File `report_tp2.out' has not changed.
(rerunfilecheck)             Checksum: A2EF8DE4045ECF1FC67D5A780CD904FA;15009.
 ) 
Here is how much of TeX's memory you used:
 19871 strings out of 476048
 316636 string characters out of 5792217
 2159975 words of memory out of 5000000
 40954 multiletter control sequences out of 15000+600000
 614435 words of font info for 146 fonts, out of 8000000 for 9000
 83 hyphenation exceptions out of 8191
 79i,13n,93p,1199b,2099s stack positions out of 10000i,1000n,20000p,200000b,200000s
</usr/share/texmf/fonts/type1/public/lm/lmbx12.pfb></usr/share/texmf/fonts/ty
pe1/public/lm/lmmi12.pfb></usr/share/texmf/fonts/type1/public/lm/lmr10.pfb></us
r/share/texmf/fonts/type1/public/lm/lmr12.pfb></usr/share/texmf/fonts/type1/pub
lic/lm/lmri12.pfb></usr/share/texmf/fonts/type1/public/lm/lmsy10.pfb></usr/shar
e/texmf/fonts/type1/public/lm/lmtk10.pfb></usr/share/texmf/fonts/type1/public/l
m/lmtt10.pfb></usr/share/texmf/fonts/type1/public/lm/lmtt12.pfb></usr/share/tex
mf/fonts/type1/public/lm/lmtti10.pfb>
Output written on report_tp2.pdf (37 pages, 384749 bytes).
PDF statistics:
 1119 PDF objects out of 1200 (max. 8388607)
 1046 compressed objects within 11 object streams
 505 named destinations out of 1000 (max. 500000)
 34889 words of extra memory for PDF output out of 35830 (max. 10000000)

